07-01 11:34:12.881 13809 13836 I TestRunner: started: order_reset_after_cancel_from_side_menu(com.example.lunchtray.OrderFunctionalityTests)
07-01 11:34:12.893 13809 13809 V ActivityScenario: Update currentActivityStage to DESTROYED, currentActivity=null
07-01 11:34:12.907   548  2258 W InputManager-JNI: Input channel object 'd3d3674 com.example.lunchtray/androidx.fragment.app.testing.FragmentScenario$EmptyFragmentActivity (client)' was disposed without first being removed with the input manager!
07-01 11:34:12.931   407   407 W SurfaceFlinger: couldn't log to binary event log: overflow.
07-01 11:34:13.025 13809 13836 W Settings: Setting always_finish_activities has moved from android.provider.Settings.System to android.provider.Settings.Global, returning read-only value.
07-01 11:34:13.137   995  1041 D SplashScreenView: Build android.window.SplashScreenView{646d011 V.E...... ......ID 0,0-0,0}
07-01 11:34:13.137   995  1041 D SplashScreenView: Icon: view: null drawable: null size: 0
07-01 11:34:13.137   995  1041 D SplashScreenView: Branding: view: android.view.View{db1f576 G.ED..... ......I. 0,0-0,0 #10204a6 android:id/splashscreen_branding_view} drawable: null size w: 0 h: 0
07-01 11:34:13.230   344   424 D goldfish-address-space: claimShared: Ask to claim region [0x3f6690000 0x3f7034000]
07-01 11:34:13.324  1883  1883 I GsaVoiceInteractionSrv: Handling ACTION_STOP_HOTWORD
07-01 11:34:13.326  1883  1883 E HwDetectorWithState: a: 3
07-01 11:34:13.340   344   424 D goldfish-address-space: claimShared: Ask to claim region [0x3f7034000 0x3f79d8000]
07-01 11:34:13.345   344   424 D goldfish-address-space: claimShared: Ask to claim region [0x3fa942000 0x3fb2e6000]
07-01 11:34:13.352 13809 13809 D LifecycleMonitor: Lifecycle status change: androidx.test.core.app.InstrumentationActivityInvoker$BootstrapActivity@fdac2f8 in: PRE_ON_CREATE
07-01 11:34:13.352 13809 13809 V ActivityScenario: Activity lifecycle changed event received but ignored because the intent does not match. startActivityIntent=Intent { act=android.intent.action.MAIN cat=[android.intent.category.LAUNCHER] cmp=com.example.lunchtray/androidx.fragment.app.testing.FragmentScenario$EmptyFragmentActivity (has extras) }, activity.getIntent()=Intent { act=android.intent.action.MAIN cat=[android.intent.category.LAUNCHER] flg=0x10008000 cmp=com.example.lunchtray/androidx.test.core.app.InstrumentationActivityInvoker$BootstrapActivity (has extras) }, activity=androidx.test.core.app.InstrumentationActivityInvoker$BootstrapActivity@fdac2f8
07-01 11:34:13.353 13809 13809 V ActivityScenario: Activity lifecycle changed event received but ignored because the intent does not match. startActivityIntent=Intent { act=android.intent.action.MAIN cat=[android.intent.category.LAUNCHER] cmp=com.example.lunchtray/.MainActivity }, activity.getIntent()=Intent { act=android.intent.action.MAIN cat=[android.intent.category.LAUNCHER] flg=0x10008000 cmp=com.example.lunchtray/androidx.test.core.app.InstrumentationActivityInvoker$BootstrapActivity (has extras) }, activity=androidx.test.core.app.InstrumentationActivityInvoker$BootstrapActivity@fdac2f8
07-01 11:34:13.361  1309  2253 D EGL_emulation: app_time_stats: avg=45.84ms min=3.42ms max=660.79ms count=21
07-01 11:34:13.367 13809 13809 D LifecycleMonitor: Lifecycle status change: androidx.test.core.app.InstrumentationActivityInvoker$BootstrapActivity@fdac2f8 in: CREATED
07-01 11:34:13.367 13809 13809 V ActivityScenario: Activity lifecycle changed event received but ignored because the intent does not match. startActivityIntent=Intent { act=android.intent.action.MAIN cat=[android.intent.category.LAUNCHER] cmp=com.example.lunchtray/androidx.fragment.app.testing.FragmentScenario$EmptyFragmentActivity (has extras) }, activity.getIntent()=Intent { act=android.intent.action.MAIN cat=[android.intent.category.LAUNCHER] flg=0x10008000 cmp=com.example.lunchtray/androidx.test.core.app.InstrumentationActivityInvoker$BootstrapActivity (has extras) }, activity=androidx.test.core.app.InstrumentationActivityInvoker$BootstrapActivity@fdac2f8
07-01 11:34:13.367 13809 13809 V ActivityScenario: Activity lifecycle changed event received but ignored because the intent does not match. startActivityIntent=Intent { act=android.intent.action.MAIN cat=[android.intent.category.LAUNCHER] cmp=com.example.lunchtray/.MainActivity }, activity.getIntent()=Intent { act=android.intent.action.MAIN cat=[android.intent.category.LAUNCHER] flg=0x10008000 cmp=com.example.lunchtray/androidx.test.core.app.InstrumentationActivityInvoker$BootstrapActivity (has extras) }, activity=androidx.test.core.app.InstrumentationActivityInvoker$BootstrapActivity@fdac2f8
07-01 11:34:13.374 13809 13809 D LifecycleMonitor: Lifecycle status change: androidx.test.core.app.InstrumentationActivityInvoker$BootstrapActivity@fdac2f8 in: STARTED
07-01 11:34:13.376 13809 13809 V ActivityScenario: Activity lifecycle changed event received but ignored because the intent does not match. startActivityIntent=Intent { act=android.intent.action.MAIN cat=[android.intent.category.LAUNCHER] cmp=com.example.lunchtray/androidx.fragment.app.testing.FragmentScenario$EmptyFragmentActivity (has extras) }, activity.getIntent()=Intent { act=android.intent.action.MAIN cat=[android.intent.category.LAUNCHER] flg=0x10008000 cmp=com.example.lunchtray/androidx.test.core.app.InstrumentationActivityInvoker$BootstrapActivity (has extras) }, activity=androidx.test.core.app.InstrumentationActivityInvoker$BootstrapActivity@fdac2f8
07-01 11:34:13.378 13809 13809 V ActivityScenario: Activity lifecycle changed event received but ignored because the intent does not match. startActivityIntent=Intent { act=android.intent.action.MAIN cat=[android.intent.category.LAUNCHER] cmp=com.example.lunchtray/.MainActivity }, activity.getIntent()=Intent { act=android.intent.action.MAIN cat=[android.intent.category.LAUNCHER] flg=0x10008000 cmp=com.example.lunchtray/androidx.test.core.app.InstrumentationActivityInvoker$BootstrapActivity (has extras) }, activity=androidx.test.core.app.InstrumentationActivityInvoker$BootstrapActivity@fdac2f8
07-01 11:34:13.393 13809 13809 D LifecycleMonitor: Lifecycle status change: androidx.test.core.app.InstrumentationActivityInvoker$BootstrapActivity@fdac2f8 in: RESUMED
07-01 11:34:13.393 13809 13809 V ActivityScenario: Activity lifecycle changed event received but ignored because the intent does not match. startActivityIntent=Intent { act=android.intent.action.MAIN cat=[android.intent.category.LAUNCHER] cmp=com.example.lunchtray/androidx.fragment.app.testing.FragmentScenario$EmptyFragmentActivity (has extras) }, activity.getIntent()=Intent { act=android.intent.action.MAIN cat=[android.intent.category.LAUNCHER] flg=0x10008000 cmp=com.example.lunchtray/androidx.test.core.app.InstrumentationActivityInvoker$BootstrapActivity (has extras) }, activity=androidx.test.core.app.InstrumentationActivityInvoker$BootstrapActivity@fdac2f8
07-01 11:34:13.393 13809 13809 V ActivityScenario: Activity lifecycle changed event received but ignored because the intent does not match. startActivityIntent=Intent { act=android.intent.action.MAIN cat=[android.intent.category.LAUNCHER] cmp=com.example.lunchtray/.MainActivity }, activity.getIntent()=Intent { act=android.intent.action.MAIN cat=[android.intent.category.LAUNCHER] flg=0x10008000 cmp=com.example.lunchtray/androidx.test.core.app.InstrumentationActivityInvoker$BootstrapActivity (has extras) }, activity=androidx.test.core.app.InstrumentationActivityInvoker$BootstrapActivity@fdac2f8
07-01 11:34:13.411 13809 13809 D LifecycleMonitor: Lifecycle status change: androidx.test.core.app.InstrumentationActivityInvoker$BootstrapActivity@fdac2f8 in: PAUSED
07-01 11:34:13.411 13809 13809 V ActivityScenario: Activity lifecycle changed event received but ignored because the intent does not match. startActivityIntent=Intent { act=android.intent.action.MAIN cat=[android.intent.category.LAUNCHER] cmp=com.example.lunchtray/androidx.fragment.app.testing.FragmentScenario$EmptyFragmentActivity (has extras) }, activity.getIntent()=Intent { act=android.intent.action.MAIN cat=[android.intent.category.LAUNCHER] flg=0x10008000 cmp=com.example.lunchtray/androidx.test.core.app.InstrumentationActivityInvoker$BootstrapActivity (has extras) }, activity=androidx.test.core.app.InstrumentationActivityInvoker$BootstrapActivity@fdac2f8
07-01 11:34:13.411 13809 13809 V ActivityScenario: Activity lifecycle changed event received but ignored because the intent does not match. startActivityIntent=Intent { act=android.intent.action.MAIN cat=[android.intent.category.LAUNCHER] cmp=com.example.lunchtray/.MainActivity }, activity.getIntent()=Intent { act=android.intent.action.MAIN cat=[android.intent.category.LAUNCHER] flg=0x10008000 cmp=com.example.lunchtray/androidx.test.core.app.InstrumentationActivityInvoker$BootstrapActivity (has extras) }, activity=androidx.test.core.app.InstrumentationActivityInvoker$BootstrapActivity@fdac2f8
07-01 11:34:13.445 13809 13809 D LifecycleMonitor: Lifecycle status change: com.example.lunchtray.MainActivity@d131c09 in: PRE_ON_CREATE
07-01 11:34:13.446 13809 13809 V ActivityScenario: Activity lifecycle changed event received but ignored because the intent does not match. startActivityIntent=Intent { act=android.intent.action.MAIN cat=[android.intent.category.LAUNCHER] cmp=com.example.lunchtray/androidx.fragment.app.testing.FragmentScenario$EmptyFragmentActivity (has extras) }, activity.getIntent()=Intent { act=android.intent.action.MAIN cat=[android.intent.category.LAUNCHER] cmp=com.example.lunchtray/.MainActivity }, activity=com.example.lunchtray.MainActivity@d131c09
07-01 11:34:13.446 13809 13809 V ActivityScenario: Activity lifecycle changed event received but ignored because the reported transition was not ON_CREATE while the last known transition was PRE_ON_CREATE
07-01 11:34:13.495 13809 13809 D LifecycleMonitor: Lifecycle status change: com.example.lunchtray.MainActivity@d131c09 in: CREATED
07-01 11:34:13.495 13809 13809 V ActivityScenario: Activity lifecycle changed event received but ignored because the intent does not match. startActivityIntent=Intent { act=android.intent.action.MAIN cat=[android.intent.category.LAUNCHER] cmp=com.example.lunchtray/androidx.fragment.app.testing.FragmentScenario$EmptyFragmentActivity (has extras) }, activity.getIntent()=Intent { act=android.intent.action.MAIN cat=[android.intent.category.LAUNCHER] cmp=com.example.lunchtray/.MainActivity }, activity=com.example.lunchtray.MainActivity@d131c09
07-01 11:34:13.504 13809 13809 V ActivityScenario: Update currentActivityStage to CREATED, currentActivity=com.example.lunchtray.MainActivity@d131c09
07-01 11:34:13.523 13809 13809 D LifecycleMonitor: Lifecycle status change: com.example.lunchtray.MainActivity@d131c09 in: STARTED
07-01 11:34:13.524 13809 13809 V ActivityScenario: Activity lifecycle changed event received but ignored because the intent does not match. startActivityIntent=Intent { act=android.intent.action.MAIN cat=[android.intent.category.LAUNCHER] cmp=com.example.lunchtray/androidx.fragment.app.testing.FragmentScenario$EmptyFragmentActivity (has extras) }, activity.getIntent()=Intent { act=android.intent.action.MAIN cat=[android.intent.category.LAUNCHER] cmp=com.example.lunchtray/.MainActivity }, activity=com.example.lunchtray.MainActivity@d131c09
07-01 11:34:13.524 13809 13809 V ActivityScenario: Update currentActivityStage to STARTED, currentActivity=com.example.lunchtray.MainActivity@d131c09
07-01 11:34:13.528 13809 13809 D LifecycleMonitor: Lifecycle status change: com.example.lunchtray.MainActivity@d131c09 in: RESUMED
07-01 11:34:13.528 13809 13809 V ActivityScenario: Activity lifecycle changed event received but ignored because the intent does not match. startActivityIntent=Intent { act=android.intent.action.MAIN cat=[android.intent.category.LAUNCHER] cmp=com.example.lunchtray/androidx.fragment.app.testing.FragmentScenario$EmptyFragmentActivity (has extras) }, activity.getIntent()=Intent { act=android.intent.action.MAIN cat=[android.intent.category.LAUNCHER] cmp=com.example.lunchtray/.MainActivity }, activity=com.example.lunchtray.MainActivity@d131c09
07-01 11:34:13.537 13809 13809 V ActivityScenario: Update currentActivityStage to RESUMED, currentActivity=com.example.lunchtray.MainActivity@d131c09
07-01 11:34:13.564   407   407 W SurfaceFlinger: couldn't log to binary event log: overflow.
07-01 11:34:13.564   407   407 W SurfaceFlinger: couldn't log to binary event log: overflow.
07-01 11:34:13.588   344   424 D goldfish-address-space: claimShared: Ask to claim region [0x3f2880000 0x3f3224000]
07-01 11:34:13.602   344   424 D goldfish-address-space: claimShared: Ask to claim region [0x3f0000000 0x3f09a4000]
07-01 11:34:13.606   344   424 D goldfish-address-space: claimShared: Ask to claim region [0x3f4000000 0x3f49a4000]
07-01 11:34:13.652 13809 13809 D RootViewPicker: Root not ready - waiting: 10ms for one to appear.
07-01 11:34:13.669  1675  1675 I GoogleInputMethodService: GoogleInputMethodService.onFinishInput():3420
07-01 11:34:13.670  1675  1675 I GoogleInputMethodService: GoogleInputMethodService.onStartInput():2002
07-01 11:34:13.725  1675  1675 I DeviceUnlockedTag: DeviceUnlockedTag.notifyDeviceLockStatusChanged():31 Notify device unlocked.
07-01 11:34:13.758 13809 13809 I ViewInteraction: Performing 'single click' action on view view.getId() is <2131231208/com.example.lunchtray:id/start_order_btn>
07-01 11:34:13.953   548  2876 W InputManager-JNI: Input channel object '5b242d2 Splash Screen com.example.lunchtray (client)' was disposed without first being removed with the input manager!
07-01 11:34:14.027 13809 13809 D LifecycleMonitor: Lifecycle status change: androidx.test.core.app.InstrumentationActivityInvoker$BootstrapActivity@fdac2f8 in: STOPPED
07-01 11:34:14.031 13809 13809 V ActivityScenario: Activity lifecycle changed event received but ignored because the intent does not match. startActivityIntent=Intent { act=android.intent.action.MAIN cat=[android.intent.category.LAUNCHER] cmp=com.example.lunchtray/androidx.fragment.app.testing.FragmentScenario$EmptyFragmentActivity (has extras) }, activity.getIntent()=Intent { act=android.intent.action.MAIN cat=[android.intent.category.LAUNCHER] flg=0x10008000 cmp=com.example.lunchtray/androidx.test.core.app.InstrumentationActivityInvoker$BootstrapActivity (has extras) }, activity=androidx.test.core.app.InstrumentationActivityInvoker$BootstrapActivity@fdac2f8
07-01 11:34:14.032 13809 13809 V ActivityScenario: Activity lifecycle changed event received but ignored because the intent does not match. startActivityIntent=Intent { act=android.intent.action.MAIN cat=[android.intent.category.LAUNCHER] cmp=com.example.lunchtray/.MainActivity }, activity.getIntent()=Intent { act=android.intent.action.MAIN cat=[android.intent.category.LAUNCHER] flg=0x10008000 cmp=com.example.lunchtray/androidx.test.core.app.InstrumentationActivityInvoker$BootstrapActivity (has extras) }, activity=androidx.test.core.app.InstrumentationActivityInvoker$BootstrapActivity@fdac2f8
07-01 11:34:14.261 13809 13809 I ViewInteraction: Performing 'single click' action on view view.getId() is <2131230844/com.example.lunchtray:id/cauliflower>
07-01 11:34:14.401   327 13875 E android.hardware.audio@6.0-impl.ranchu: pcmWrite:203 pcm_write failed with  (-5)
07-01 11:34:14.402   327 13875 E android.hardware.audio@6.0-impl.ranchu: device/generic/goldfish/audio/talsa.cpp:pcmWrite:204 failure: false
07-01 11:34:14.670 13809 13838 D EGL_emulation: app_time_stats: avg=23.51ms min=2.74ms max=183.52ms count=37
07-01 11:34:14.790 13809 13809 I ViewInteraction: Performing 'single click' action on view view.getId() is <2131231081/com.example.lunchtray:id/next_button>
07-01 11:34:14.883   402   517 D AudioFlinger: mixer(0x7df715877a70) throttle end: throttle time(39)
07-01 11:34:15.181 13809 13809 I ViewInteraction: Performing 'single click' action on view view.getId() is <2131231187/com.example.lunchtray:id/soup>
07-01 11:34:15.585 13809 13809 I ViewInteraction: Performing 'single click' action on view view.getId() is <2131230842/com.example.lunchtray:id/cancel_button>
07-01 11:34:15.681 13809 13838 D EGL_emulation: app_time_stats: avg=21.26ms min=3.92ms max=200.10ms count=39
07-01 11:34:16.318 13809 13809 I ViewInteraction: Performing 'single click' action on view view.getId() is <2131231208/com.example.lunchtray:id/start_order_btn>
07-01 11:34:16.677 13809 13809 I ViewInteraction: Checking 'MatchesViewAssertion{viewMatcher=(view has effective visibility <VISIBLE> and view.getGlobalVisibleRect() to return non-empty rectangle)}' assertion on view an instance of android.widget.TextView and view.getText() with or without transformation to match: is "Subtotal: $0.00"
07-01 11:34:16.678 13809 13836 I TestRunner: finished: order_reset_after_cancel_from_side_menu(com.example.lunchtray.OrderFunctionalityTests)
