07-01 11:34:20.582 13809 13836 I TestRunner: started: order_reset_after_cancel_from_checkout(com.example.lunchtray.OrderFunctionalityTests)
07-01 11:34:20.597 13809 13836 W Settings: Setting always_finish_activities has moved from android.provider.Settings.System to android.provider.Settings.Global, returning read-only value.
07-01 11:34:20.632   995  1041 D SplashScreenView: Build android.window.SplashScreenView{a05f8fc V.E...... ......ID 0,0-0,0}
07-01 11:34:20.632   995  1041 D SplashScreenView: Icon: view: null drawable: null size: 0
07-01 11:34:20.632   995  1041 D SplashScreenView: Branding: view: android.view.View{54ffb85 G.ED..... ......I. 0,0-0,0 #10204a6 android:id/splashscreen_branding_view} drawable: null size w: 0 h: 0
07-01 11:34:20.678   344   376 D goldfish-address-space: claimShared: Ask to claim region [0x3f2eac000 0x3f3850000]
07-01 11:34:20.689 13809 13809 D LifecycleMonitor: Lifecycle status change: androidx.test.core.app.InstrumentationActivityInvoker$BootstrapActivity@31c4afd in: PRE_ON_CREATE
07-01 11:34:20.689 13809 13809 V ActivityScenario: Activity lifecycle changed event received but ignored because the intent does not match. startActivityIntent=Intent { act=android.intent.action.MAIN cat=[android.intent.category.LAUNCHER] cmp=com.example.lunchtray/androidx.fragment.app.testing.FragmentScenario$EmptyFragmentActivity (has extras) }, activity.getIntent()=Intent { act=android.intent.action.MAIN cat=[android.intent.category.LAUNCHER] flg=0x10008000 cmp=com.example.lunchtray/androidx.test.core.app.InstrumentationActivityInvoker$BootstrapActivity (has extras) }, activity=androidx.test.core.app.InstrumentationActivityInvoker$BootstrapActivity@31c4afd
07-01 11:34:20.690 13809 13809 V ActivityScenario: Activity lifecycle changed event received but ignored because the intent does not match. startActivityIntent=Intent { act=android.intent.action.MAIN cat=[android.intent.category.LAUNCHER] cmp=com.example.lunchtray/.MainActivity }, activity.getIntent()=Intent { act=android.intent.action.MAIN cat=[android.intent.category.LAUNCHER] flg=0x10008000 cmp=com.example.lunchtray/androidx.test.core.app.InstrumentationActivityInvoker$BootstrapActivity (has extras) }, activity=androidx.test.core.app.InstrumentationActivityInvoker$BootstrapActivity@31c4afd
07-01 11:34:20.704 13809 13809 D LifecycleMonitor: Lifecycle status change: androidx.test.core.app.InstrumentationActivityInvoker$BootstrapActivity@31c4afd in: CREATED
07-01 11:34:20.708 13809 13809 V ActivityScenario: Activity lifecycle changed event received but ignored because the intent does not match. startActivityIntent=Intent { act=android.intent.action.MAIN cat=[android.intent.category.LAUNCHER] cmp=com.example.lunchtray/androidx.fragment.app.testing.FragmentScenario$EmptyFragmentActivity (has extras) }, activity.getIntent()=Intent { act=android.intent.action.MAIN cat=[android.intent.category.LAUNCHER] flg=0x10008000 cmp=com.example.lunchtray/androidx.test.core.app.InstrumentationActivityInvoker$BootstrapActivity (has extras) }, activity=androidx.test.core.app.InstrumentationActivityInvoker$BootstrapActivity@31c4afd
07-01 11:34:20.708 13809 13809 V ActivityScenario: Activity lifecycle changed event received but ignored because the intent does not match. startActivityIntent=Intent { act=android.intent.action.MAIN cat=[android.intent.category.LAUNCHER] cmp=com.example.lunchtray/.MainActivity }, activity.getIntent()=Intent { act=android.intent.action.MAIN cat=[android.intent.category.LAUNCHER] flg=0x10008000 cmp=com.example.lunchtray/androidx.test.core.app.InstrumentationActivityInvoker$BootstrapActivity (has extras) }, activity=androidx.test.core.app.InstrumentationActivityInvoker$BootstrapActivity@31c4afd
07-01 11:34:20.711 13809 13809 D LifecycleMonitor: Lifecycle status change: androidx.test.core.app.InstrumentationActivityInvoker$BootstrapActivity@31c4afd in: STARTED
07-01 11:34:20.712 13809 13809 V ActivityScenario: Activity lifecycle changed event received but ignored because the intent does not match. startActivityIntent=Intent { act=android.intent.action.MAIN cat=[android.intent.category.LAUNCHER] cmp=com.example.lunchtray/androidx.fragment.app.testing.FragmentScenario$EmptyFragmentActivity (has extras) }, activity.getIntent()=Intent { act=android.intent.action.MAIN cat=[android.intent.category.LAUNCHER] flg=0x10008000 cmp=com.example.lunchtray/androidx.test.core.app.InstrumentationActivityInvoker$BootstrapActivity (has extras) }, activity=androidx.test.core.app.InstrumentationActivityInvoker$BootstrapActivity@31c4afd
07-01 11:34:20.712 13809 13809 V ActivityScenario: Activity lifecycle changed event received but ignored because the intent does not match. startActivityIntent=Intent { act=android.intent.action.MAIN cat=[android.intent.category.LAUNCHER] cmp=com.example.lunchtray/.MainActivity }, activity.getIntent()=Intent { act=android.intent.action.MAIN cat=[android.intent.category.LAUNCHER] flg=0x10008000 cmp=com.example.lunchtray/androidx.test.core.app.InstrumentationActivityInvoker$BootstrapActivity (has extras) }, activity=androidx.test.core.app.InstrumentationActivityInvoker$BootstrapActivity@31c4afd
07-01 11:34:20.723 13809 13809 D LifecycleMonitor: Lifecycle status change: androidx.test.core.app.InstrumentationActivityInvoker$BootstrapActivity@31c4afd in: RESUMED
07-01 11:34:20.725   344   376 D goldfish-address-space: claimShared: Ask to claim region [0x3f4000000 0x3f49a4000]
07-01 11:34:20.727 13809 13809 V ActivityScenario: Activity lifecycle changed event received but ignored because the intent does not match. startActivityIntent=Intent { act=android.intent.action.MAIN cat=[android.intent.category.LAUNCHER] cmp=com.example.lunchtray/androidx.fragment.app.testing.FragmentScenario$EmptyFragmentActivity (has extras) }, activity.getIntent()=Intent { act=android.intent.action.MAIN cat=[android.intent.category.LAUNCHER] flg=0x10008000 cmp=com.example.lunchtray/androidx.test.core.app.InstrumentationActivityInvoker$BootstrapActivity (has extras) }, activity=androidx.test.core.app.InstrumentationActivityInvoker$BootstrapActivity@31c4afd
07-01 11:34:20.727 13809 13809 V ActivityScenario: Activity lifecycle changed event received but ignored because the intent does not match. startActivityIntent=Intent { act=android.intent.action.MAIN cat=[android.intent.category.LAUNCHER] cmp=com.example.lunchtray/.MainActivity }, activity.getIntent()=Intent { act=android.intent.action.MAIN cat=[android.intent.category.LAUNCHER] flg=0x10008000 cmp=com.example.lunchtray/androidx.test.core.app.InstrumentationActivityInvoker$BootstrapActivity (has extras) }, activity=androidx.test.core.app.InstrumentationActivityInvoker$BootstrapActivity@31c4afd
07-01 11:34:20.733   344   376 D goldfish-address-space: claimShared: Ask to claim region [0x3f5348000 0x3f5cec000]
07-01 11:34:20.744 13809 13809 D LifecycleMonitor: Lifecycle status change: androidx.test.core.app.InstrumentationActivityInvoker$BootstrapActivity@31c4afd in: PAUSED
07-01 11:34:20.745 13809 13809 V ActivityScenario: Activity lifecycle changed event received but ignored because the intent does not match. startActivityIntent=Intent { act=android.intent.action.MAIN cat=[android.intent.category.LAUNCHER] cmp=com.example.lunchtray/androidx.fragment.app.testing.FragmentScenario$EmptyFragmentActivity (has extras) }, activity.getIntent()=Intent { act=android.intent.action.MAIN cat=[android.intent.category.LAUNCHER] flg=0x10008000 cmp=com.example.lunchtray/androidx.test.core.app.InstrumentationActivityInvoker$BootstrapActivity (has extras) }, activity=androidx.test.core.app.InstrumentationActivityInvoker$BootstrapActivity@31c4afd
07-01 11:34:20.745 13809 13809 V ActivityScenario: Activity lifecycle changed event received but ignored because the intent does not match. startActivityIntent=Intent { act=android.intent.action.MAIN cat=[android.intent.category.LAUNCHER] cmp=com.example.lunchtray/.MainActivity }, activity.getIntent()=Intent { act=android.intent.action.MAIN cat=[android.intent.category.LAUNCHER] flg=0x10008000 cmp=com.example.lunchtray/androidx.test.core.app.InstrumentationActivityInvoker$BootstrapActivity (has extras) }, activity=androidx.test.core.app.InstrumentationActivityInvoker$BootstrapActivity@31c4afd
07-01 11:34:20.778 13809 13809 D LifecycleMonitor: Lifecycle status change: com.example.lunchtray.MainActivity@32f6184 in: PRE_ON_CREATE
07-01 11:34:20.780  1883  1883 I GsaVoiceInteractionSrv: Handling ACTION_STOP_HOTWORD
07-01 11:34:20.783 13809 13809 V ActivityScenario: Activity lifecycle changed event received but ignored because the intent does not match. startActivityIntent=Intent { act=android.intent.action.MAIN cat=[android.intent.category.LAUNCHER] cmp=com.example.lunchtray/androidx.fragment.app.testing.FragmentScenario$EmptyFragmentActivity (has extras) }, activity.getIntent()=Intent { act=android.intent.action.MAIN cat=[android.intent.category.LAUNCHER] cmp=com.example.lunchtray/.MainActivity }, activity=com.example.lunchtray.MainActivity@32f6184
07-01 11:34:20.784 13809 13809 V ActivityScenario: Activity lifecycle changed event received but ignored because the reported transition was not ON_CREATE while the last known transition was PRE_ON_CREATE
07-01 11:34:20.790  1883  1883 E HwDetectorWithState: a: 3
07-01 11:34:20.826 13809 13809 D LifecycleMonitor: Lifecycle status change: com.example.lunchtray.MainActivity@32f6184 in: CREATED
07-01 11:34:20.827 13809 13809 V ActivityScenario: Activity lifecycle changed event received but ignored because the intent does not match. startActivityIntent=Intent { act=android.intent.action.MAIN cat=[android.intent.category.LAUNCHER] cmp=com.example.lunchtray/androidx.fragment.app.testing.FragmentScenario$EmptyFragmentActivity (has extras) }, activity.getIntent()=Intent { act=android.intent.action.MAIN cat=[android.intent.category.LAUNCHER] cmp=com.example.lunchtray/.MainActivity }, activity=com.example.lunchtray.MainActivity@32f6184
07-01 11:34:20.828 13809 13809 V ActivityScenario: Update currentActivityStage to CREATED, currentActivity=com.example.lunchtray.MainActivity@32f6184
07-01 11:34:20.842 13809 13809 D LifecycleMonitor: Lifecycle status change: com.example.lunchtray.MainActivity@32f6184 in: STARTED
07-01 11:34:20.844 13809 13809 V ActivityScenario: Activity lifecycle changed event received but ignored because the intent does not match. startActivityIntent=Intent { act=android.intent.action.MAIN cat=[android.intent.category.LAUNCHER] cmp=com.example.lunchtray/androidx.fragment.app.testing.FragmentScenario$EmptyFragmentActivity (has extras) }, activity.getIntent()=Intent { act=android.intent.action.MAIN cat=[android.intent.category.LAUNCHER] cmp=com.example.lunchtray/.MainActivity }, activity=com.example.lunchtray.MainActivity@32f6184
07-01 11:34:20.848 13809 13809 V ActivityScenario: Update currentActivityStage to STARTED, currentActivity=com.example.lunchtray.MainActivity@32f6184
07-01 11:34:20.855 13809 13809 D LifecycleMonitor: Lifecycle status change: com.example.lunchtray.MainActivity@32f6184 in: RESUMED
07-01 11:34:20.860 13809 13809 V ActivityScenario: Activity lifecycle changed event received but ignored because the intent does not match. startActivityIntent=Intent { act=android.intent.action.MAIN cat=[android.intent.category.LAUNCHER] cmp=com.example.lunchtray/androidx.fragment.app.testing.FragmentScenario$EmptyFragmentActivity (has extras) }, activity.getIntent()=Intent { act=android.intent.action.MAIN cat=[android.intent.category.LAUNCHER] cmp=com.example.lunchtray/.MainActivity }, activity=com.example.lunchtray.MainActivity@32f6184
07-01 11:34:20.862 13809 13809 V ActivityScenario: Update currentActivityStage to RESUMED, currentActivity=com.example.lunchtray.MainActivity@32f6184
07-01 11:34:20.897   407   407 W SurfaceFlinger: couldn't log to binary event log: overflow.
07-01 11:34:20.911   344   376 D goldfish-address-space: claimShared: Ask to claim region [0x3f0000000 0x3f09a4000]
07-01 11:34:20.914   407   407 W SurfaceFlinger: couldn't log to binary event log: overflow.
07-01 11:34:20.928   344   376 D goldfish-address-space: claimShared: Ask to claim region [0x3f18b0000 0x3f2254000]
07-01 11:34:20.935   344   376 D goldfish-address-space: claimShared: Ask to claim region [0x3f49a4000 0x3f5348000]
07-01 11:34:20.978  1675  1675 I GoogleInputMethodService: GoogleInputMethodService.onFinishInput():3420
07-01 11:34:20.978  1675  1675 I GoogleInputMethodService: GoogleInputMethodService.onStartInput():2002
07-01 11:34:20.980  1675  1675 I DeviceUnlockedTag: DeviceUnlockedTag.notifyDeviceLockStatusChanged():31 Notify device unlocked.
07-01 11:34:21.019 13809 13809 I ViewInteraction: Performing 'single click' action on view view.getId() is <2131231208/com.example.lunchtray:id/start_order_btn>
07-01 11:34:21.310   548   605 W InputManager-JNI: Input channel object '55c4d47 Splash Screen com.example.lunchtray (client)' was disposed without first being removed with the input manager!
07-01 11:34:21.395 13809 13809 D LifecycleMonitor: Lifecycle status change: androidx.test.core.app.InstrumentationActivityInvoker$BootstrapActivity@31c4afd in: STOPPED
07-01 11:34:21.397 13809 13809 V ActivityScenario: Activity lifecycle changed event received but ignored because the intent does not match. startActivityIntent=Intent { act=android.intent.action.MAIN cat=[android.intent.category.LAUNCHER] cmp=com.example.lunchtray/androidx.fragment.app.testing.FragmentScenario$EmptyFragmentActivity (has extras) }, activity.getIntent()=Intent { act=android.intent.action.MAIN cat=[android.intent.category.LAUNCHER] flg=0x10008000 cmp=com.example.lunchtray/androidx.test.core.app.InstrumentationActivityInvoker$BootstrapActivity (has extras) }, activity=androidx.test.core.app.InstrumentationActivityInvoker$BootstrapActivity@31c4afd
07-01 11:34:21.403 13809 13809 V ActivityScenario: Activity lifecycle changed event received but ignored because the intent does not match. startActivityIntent=Intent { act=android.intent.action.MAIN cat=[android.intent.category.LAUNCHER] cmp=com.example.lunchtray/.MainActivity }, activity.getIntent()=Intent { act=android.intent.action.MAIN cat=[android.intent.category.LAUNCHER] flg=0x10008000 cmp=com.example.lunchtray/androidx.test.core.app.InstrumentationActivityInvoker$BootstrapActivity (has extras) }, activity=androidx.test.core.app.InstrumentationActivityInvoker$BootstrapActivity@31c4afd
07-01 11:34:21.626 13809 13809 I ViewInteraction: Performing 'single click' action on view view.getId() is <2131230844/com.example.lunchtray:id/cauliflower>
07-01 11:34:21.938 13809 13809 I ViewInteraction: Performing 'single click' action on view view.getId() is <2131231081/com.example.lunchtray:id/next_button>
07-01 11:34:21.989 13809 13838 D EGL_emulation: app_time_stats: avg=20.70ms min=3.02ms max=182.96ms count=45
07-01 11:34:22.315 13809 13809 I ViewInteraction: Performing 'single click' action on view view.getId() is <2131231138/com.example.lunchtray:id/salad>
07-01 11:34:22.621 13809 13809 I ViewInteraction: Performing 'single click' action on view view.getId() is <2131231081/com.example.lunchtray:id/next_button>
07-01 11:34:23.008 13809 13809 I ViewInteraction: Performing 'single click' action on view view.getId() is <2131230835/com.example.lunchtray:id/bread>
07-01 11:34:23.068 13809 13838 D EGL_emulation: app_time_stats: avg=25.46ms min=4.07ms max=215.10ms count=41
07-01 11:34:23.320 13809 13809 I ViewInteraction: Performing 'single click' action on view view.getId() is <2131231081/com.example.lunchtray:id/next_button>
07-01 11:34:24.129 13809 13809 I ViewInteraction: Performing 'single click' action on view view.getId() is <2131230842/com.example.lunchtray:id/cancel_button>
07-01 11:34:24.187 13809 13838 D EGL_emulation: app_time_stats: avg=21.65ms min=8.28ms max=236.39ms count=48
07-01 11:34:24.458 13809 13809 I ViewInteraction: Performing 'single click' action on view view.getId() is <2131231208/com.example.lunchtray:id/start_order_btn>
07-01 11:34:24.838 13809 13809 I ViewInteraction: Checking 'MatchesViewAssertion{viewMatcher=(view has effective visibility <VISIBLE> and view.getGlobalVisibleRect() to return non-empty rectangle)}' assertion on view an instance of android.widget.TextView and view.getText() with or without transformation to match: is "Subtotal: $0.00"
07-01 11:34:24.839 13809 13836 I TestRunner: finished: order_reset_after_cancel_from_checkout(com.example.lunchtray.OrderFunctionalityTests)
